// Jest Snapshot v1, https://goo.gl/fbAQLP

exports[`CYCLE 1 TESTS COMPONENTS RENDER CORRECTLY 1`] = `
<DocumentFragment>
  <div
    class="App"
  >
    <div>
      <div
        class="help-icon"
      >
        <img
          alt="help icon"
          id="help-icon"
          src="passive-help.png"
        />
      </div>
      <div
        id="back-of-card"
      >
        <div
          data-testid="card"
          id="playing-card"
        >
          <img
            alt="guy fieri"
            id="back-image"
            src="prof.jpeg"
          />
        </div>
      </div>
    </div>
  </div>
</DocumentFragment>
`;
